{"id":1,"project_id":1,"house_id":1,"floor_id":1,"best_view_id":1,"best_frame_id":1,"name":"A1","rooms":"5.0","bathrooms":3,"sqm":"121.00","marketing_type":"Verkauf","status":"Frei","price":"1211.00","warm_rent":null,"created_at":"2026-03-21T11:01:29.000000Z","updated_at":"2026-03-22T11:08:33.000000Z","available_from":null,"outdoor_area":null,"additional_costs":null,"description":null,"virtual_tour_url":"https:\/\/rundgang.de\/(","external_contact_url":null,"custom_buttons":null,"external_property_id":null,"configurator_id":null,"image_groups":[{"id":1,"apartment_id":1,"name":"Grundrisse","sort_order":1,"is_active":true,"created_at":"2026-03-21T11:26:14.000000Z","updated_at":"2026-04-03T15:40:21.000000Z","media":[{"id":16,"model_type":"App\\Models\\ApartmentImageGroup","model_id":1,"uuid":"5ac5621f-8788-488d-bffd-e48f0619237d","collection_name":"default","name":"915231e7-7467-4965-8592-239b691e4abd_optimiert_1","file_name":"915231e7-7467-4965-8592-239b691e4abd_optimiert_1.png","mime_type":"image\/jpeg","disk":"public","conversions_disk":"public","size":276898,"manipulations":[],"custom_properties":{"caption":"fdefefdd"},"generated_conversions":[],"responsive_images":[],"order_column":1,"created_at":"2026-04-03T15:39:33.000000Z","updated_at":"2026-04-03T15:40:06.000000Z","original_url":"http:\/\/127.0.0.1:8000\/storage\/16\/915231e7-7467-4965-8592-239b691e4abd_optimiert_1.png","preview_url":""}]},{"id":2,"apartment_id":1,"name":"Test","sort_order":1,"is_active":true,"created_at":"2026-03-21T11:26:29.000000Z","updated_at":"2026-03-21T11:26:29.000000Z","media":[]}]}
